Archive member included to satisfy reference by file (symbol)

/Applications/STM32CubeIDE.app/Contents/Eclipse/plugins/com.st.stm32cube.ide.mcu.externaltools.gnu-tools-for-stm32.12.3.rel1.macos64_1.0.200.202406191456/tools/bin/../lib/gcc/arm-none-eabi/12.3.1/../../../../arm-none-eabi/lib/thumb/v7e-m+fp/hard/libc_nano.a(libc_a-exit.o)
                              /Applications/STM32CubeIDE.app/Contents/Eclipse/plugins/com.st.stm32cube.ide.mcu.externaltools.gnu-tools-for-stm32.12.3.rel1.macos64_1.0.200.202406191456/tools/bin/../lib/gcc/arm-none-eabi/12.3.1/../../../../arm-none-eabi/lib/thumb/v7e-m+fp/hard/crt0.o (exit)
/Applications/STM32CubeIDE.app/Contents/Eclipse/plugins/com.st.stm32cube.ide.mcu.externaltools.gnu-tools-for-stm32.12.3.rel1.macos64_1.0.200.202406191456/tools/bin/../lib/gcc/arm-none-eabi/12.3.1/../../../../arm-none-eabi/lib/thumb/v7e-m+fp/hard/libc_nano.a(libc_a-findfp.o)
                              /Applications/STM32CubeIDE.app/Contents/Eclipse/plugins/com.st.stm32cube.ide.mcu.externaltools.gnu-tools-for-stm32.12.3.rel1.macos64_1.0.200.202406191456/tools/bin/../lib/gcc/arm-none-eabi/12.3.1/../../../../arm-none-eabi/lib/thumb/v7e-m+fp/hard/libc_nano.a(libc_a-exit.o) (__stdio_exit_handler)
/Applications/STM32CubeIDE.app/Contents/Eclipse/plugins/com.st.stm32cube.ide.mcu.externaltools.gnu-tools-for-stm32.12.3.rel1.macos64_1.0.200.202406191456/tools/bin/../lib/gcc/arm-none-eabi/12.3.1/../../../../arm-none-eabi/lib/thumb/v7e-m+fp/hard/libc_nano.a(libc_a-fwalk.o)
                              /Applications/STM32CubeIDE.app/Contents/Eclipse/plugins/com.st.stm32cube.ide.mcu.externaltools.gnu-tools-for-stm32.12.3.rel1.macos64_1.0.200.202406191456/tools/bin/../lib/gcc/arm-none-eabi/12.3.1/../../../../arm-none-eabi/lib/thumb/v7e-m+fp/hard/libc_nano.a(libc_a-findfp.o) (_fwalk_sglue)
/Applications/STM32CubeIDE.app/Contents/Eclipse/plugins/com.st.stm32cube.ide.mcu.externaltools.gnu-tools-for-stm32.12.3.rel1.macos64_1.0.200.202406191456/tools/bin/../lib/gcc/arm-none-eabi/12.3.1/../../../../arm-none-eabi/lib/thumb/v7e-m+fp/hard/libc_nano.a(libc_a-memset.o)
                              /Applications/STM32CubeIDE.app/Contents/Eclipse/plugins/com.st.stm32cube.ide.mcu.externaltools.gnu-tools-for-stm32.12.3.rel1.macos64_1.0.200.202406191456/tools/bin/../lib/gcc/arm-none-eabi/12.3.1/../../../../arm-none-eabi/lib/thumb/v7e-m+fp/hard/crt0.o (memset)
/Applications/STM32CubeIDE.app/Contents/Eclipse/plugins/com.st.stm32cube.ide.mcu.externaltools.gnu-tools-for-stm32.12.3.rel1.macos64_1.0.200.202406191456/tools/bin/../lib/gcc/arm-none-eabi/12.3.1/../../../../arm-none-eabi/lib/thumb/v7e-m+fp/hard/libc_nano.a(libc_a-impure.o)
                              /Applications/STM32CubeIDE.app/Contents/Eclipse/plugins/com.st.stm32cube.ide.mcu.externaltools.gnu-tools-for-stm32.12.3.rel1.macos64_1.0.200.202406191456/tools/bin/../lib/gcc/arm-none-eabi/12.3.1/../../../../arm-none-eabi/lib/thumb/v7e-m+fp/hard/libc_nano.a(libc_a-findfp.o) (_impure_data)
/Applications/STM32CubeIDE.app/Contents/Eclipse/plugins/com.st.stm32cube.ide.mcu.externaltools.gnu-tools-for-stm32.12.3.rel1.macos64_1.0.200.202406191456/tools/bin/../lib/gcc/arm-none-eabi/12.3.1/../../../../arm-none-eabi/lib/thumb/v7e-m+fp/hard/libc_nano.a(libc_a-errno.o)
                              ./Core/Src/syscalls.o (__errno)
/Applications/STM32CubeIDE.app/Contents/Eclipse/plugins/com.st.stm32cube.ide.mcu.externaltools.gnu-tools-for-stm32.12.3.rel1.macos64_1.0.200.202406191456/tools/bin/../lib/gcc/arm-none-eabi/12.3.1/../../../../arm-none-eabi/lib/thumb/v7e-m+fp/hard/libc_nano.a(libc_a-init.o)
                              /Applications/STM32CubeIDE.app/Contents/Eclipse/plugins/com.st.stm32cube.ide.mcu.externaltools.gnu-tools-for-stm32.12.3.rel1.macos64_1.0.200.202406191456/tools/bin/../lib/gcc/arm-none-eabi/12.3.1/../../../../arm-none-eabi/lib/thumb/v7e-m+fp/hard/crt0.o (__libc_init_array)
/Applications/STM32CubeIDE.app/Contents/Eclipse/plugins/com.st.stm32cube.ide.mcu.externaltools.gnu-tools-for-stm32.12.3.rel1.macos64_1.0.200.202406191456/tools/bin/../lib/gcc/arm-none-eabi/12.3.1/../../../../arm-none-eabi/lib/thumb/v7e-m+fp/hard/libc_nano.a(libc_a-lock.o)
                              /Applications/STM32CubeIDE.app/Contents/Eclipse/plugins/com.st.stm32cube.ide.mcu.externaltools.gnu-tools-for-stm32.12.3.rel1.macos64_1.0.200.202406191456/tools/bin/../lib/gcc/arm-none-eabi/12.3.1/../../../../arm-none-eabi/lib/thumb/v7e-m+fp/hard/libc_nano.a(libc_a-findfp.o) (__retarget_lock_init_recursive)
/Applications/STM32CubeIDE.app/Contents/Eclipse/plugins/com.st.stm32cube.ide.mcu.externaltools.gnu-tools-for-stm32.12.3.rel1.macos64_1.0.200.202406191456/tools/bin/../lib/gcc/arm-none-eabi/12.3.1/../../../../arm-none-eabi/lib/thumb/v7e-m+fp/hard/libc_nano.a(libc_a-mallocr.o)
[...]
Memory Configuration

Name             Origin             Length             Attributes
RAM              0x20000000         0x00010000         xrw
RAM2             0x10000000         0x00004000         xrw
FLASH            0x08000000         0x00040000         xr
*default*        0x00000000         0xffffffff

Linker script and memory map

LOAD /Applications/STM32CubeIDE.app/Contents/Eclipse/plugins/com.st.stm32cube.ide.mcu.externaltools.gnu-tools-for-stm32.12.3.rel1.macos64_1.0.200.202406191456/tools/bin/../lib/gcc/arm-none-eabi/12.3.1/thumb/v7e-m+fp/hard/crti.o
LOAD /Applications/STM32CubeIDE.app/Contents/Eclipse/plugins/com.st.stm32cube.ide.mcu.externaltools.gnu-tools-for-stm32.12.3.rel1.macos64_1.0.200.202406191456/tools/bin/../lib/gcc/arm-none-eabi/12.3.1/thumb/v7e-m+fp/hard/crtbegin.o
LOAD /Applications/STM32CubeIDE.app/Contents/Eclipse/plugins/com.st.stm32cube.ide.mcu.externaltools.gnu-tools-for-stm32.12.3.rel1.macos64_1.0.200.202406191456/tools/bin/../lib/gcc/arm-none-eabi/12.3.1/../../../../arm-none-eabi/lib/thumb/v7e-m+fp/hard/crt0.o
LOAD ./Core/Src/can.o
LOAD ./Core/Src/dma.o
LOAD ./Core/Src/gpio.o
LOAD ./Core/Src/main.o
LOAD ./Core/Src/stm32l4xx_hal_msp.o
LOAD ./Core/Src/stm32l4xx_it.o
LOAD ./Core/Src/syscalls.o
LOAD ./Core/Src/sysmem.o
LOAD ./Core/Src/system_stm32l4xx.o
LOAD ./Core/Src/tim.o
LOAD ./Core/Src/ws2812.o
LOAD ./Core/Startup/startup_stm32l431kcux.o
LOAD ./Drivers/STM32L4xx_HAL_Driver/Src/stm32l4xx_hal.o
LOAD ./Drivers/STM32L4xx_HAL_Driver/Src/stm32l4xx_hal_can.o
LOAD ./Drivers/STM32L4xx_HAL_Driver/Src/stm32l4xx_hal_cortex.o
LOAD ./Drivers/STM32L4xx_HAL_Driver/Src/stm32l4xx_hal_dma.o
LOAD ./Drivers/STM32L4xx_HAL_Driver/Src/stm32l4xx_hal_dma_ex.o
LOAD ./Drivers/STM32L4xx_HAL_Driver/Src/stm32l4xx_hal_exti.o
LOAD ./Drivers/STM32L4xx_HAL_Driver/Src/stm32l4xx_hal_flash.o
LOAD ./Drivers/STM32L4xx_HAL_Driver/Src/stm32l4xx_hal_flash_ex.o
LOAD ./Drivers/STM32L4xx_HAL_Driver/Src/stm32l4xx_hal_flash_ramfunc.o
LOAD ./Drivers/STM32L4xx_HAL_Driver/Src/stm32l4xx_hal_gpio.o
LOAD ./Drivers/STM32L4xx_HAL_Driver/Src/stm32l4xx_hal_i2c.o
LOAD ./Drivers/STM32L4xx_HAL_Driver/Src/stm32l4xx_hal_i2c_ex.o
LOAD ./Drivers/STM32L4xx_HAL_Driver/Src/stm32l4xx_hal_pwr.o
LOAD ./Drivers/STM32L4xx_HAL_Driver/Src/stm32l4xx_hal_pwr_ex.o
LOAD ./Drivers/STM32L4xx_HAL_Driver/Src/stm32l4xx_hal_rcc.o
LOAD ./Drivers/STM32L4xx_HAL_Driver/Src/stm32l4xx_hal_rcc_ex.o
LOAD ./Drivers/STM32L4xx_HAL_Driver/Src/stm32l4xx_hal_tim.o
LOAD ./Drivers/STM32L4xx_HAL_Driver/Src/stm32l4xx_hal_tim_ex.o
START GROUP
LOAD /Applications/STM32CubeIDE.app/Contents/Eclipse/plugins/com.st.stm32cube.ide.mcu.externaltools.gnu-tools-for-stm32.12.3.rel1.macos64_1.0.200.202406191456/tools/bin/../lib/gcc/arm-none-eabi/12.3.1/../../../../arm-none-eabi/lib/thumb/v7e-m+fp/hard/libc_nano.a
LOAD /Applications/STM32CubeIDE.app/Contents/Eclipse/plugins/com.st.stm32cube.ide.mcu.externaltools.gnu-tools-for-stm32.12.3.rel1.macos64_1.0.200.202406191456/tools/bin/../lib/gcc/arm-none-eabi/12.3.1/../../../../arm-none-eabi/lib/thumb/v7e-m+fp/hard/libm.a
END GROUP
START GROUP
LOAD /Applications/STM32CubeIDE.app/Contents/Eclipse/plugins/com.st.stm32cube.ide.mcu.externaltools.gnu-tools-for-stm32.12.3.rel1.macos64_1.0.200.202406191456/tools/bin/../lib/gcc/arm-none-eabi/12.3.1/thumb/v7e-m+fp/hard/libgcc.a
LOAD /Applications/STM32CubeIDE.app/Contents/Eclipse/plugins/com.st.stm32cube.ide.mcu.externaltools.gnu-tools-for-stm32.12.3.rel1.macos64_1.0.200.202406191456/tools/bin/../lib/gcc/arm-none-eabi/12.3.1/../../../../arm-none-eabi/lib/thumb/v7e-m+fp/hard/libc_nano.a
END GROUP
START GROUP
LOAD /Applications/STM32CubeIDE.app/Contents/Eclipse/plugins/com.st.stm32cube.ide.mcu.externaltools.gnu-tools-for-stm32.12.3.rel1.macos64_1.0.200.202406191456/tools/bin/../lib/gcc/arm-none-eabi/12.3.1/thumb/v7e-m+fp/hard/libgcc.a
LOAD /Applications/STM32CubeIDE.app/Contents/Eclipse/plugins/com.st.stm32cube.ide.mcu.externaltools.gnu-tools-for-stm32.12.3.rel1.macos64_1.0.200.202406191456/tools/bin/../lib/gcc/arm-none-eabi/12.3.1/../../../../arm-none-eabi/lib/thumb/v7e-m+fp/hard/libc_nano.a
LOAD /Applications/STM32CubeIDE.app/Contents/Eclipse/plugins/com.st.stm32cube.ide.mcu.externaltools.gnu-tools-for-stm32.12.3.rel1.macos64_1.0.200.202406191456/tools/bin/../lib/gcc/arm-none-eabi/12.3.1/../../../../arm-none-eabi/lib/thumb/v7e-m+fp/hard/libnosys.a
END GROUP
START GROUP
LOAD /Applications/STM32CubeIDE.app/Contents/Eclipse/plugins/com.st.stm32cube.ide.mcu.externaltools.gnu-tools-for-stm32.12.3.rel1.macos64_1.0.200.202406191456/tools/bin/../lib/gcc/arm-none-eabi/12.3.1/thumb/v7e-m+fp/hard/libgcc.a
LOAD /Applications/STM32CubeIDE.app/Contents/Eclipse/plugins/com.st.stm32cube.ide.mcu.externaltools.gnu-tools-for-stm32.12.3.rel1.macos64_1.0.200.202406191456/tools/bin/../lib/gcc/arm-none-eabi/12.3.1/../../../../arm-none-eabi/lib/thumb/v7e-m+fp/hard/libc_nano.a
LOAD /Applications/STM32CubeIDE.app/Contents/Eclipse/plugins/com.st.stm32cube.ide.mcu.externaltools.gnu-tools-for-stm32.12.3.rel1.macos64_1.0.200.202406191456/tools/bin/../lib/gcc/arm-none-eabi/12.3.1/../../../../arm-none-eabi/lib/thumb/v7e-m+fp/hard/libnosys.a
END GROUP
LOAD /Applications/STM32CubeIDE.app/Contents/Eclipse/plugins/com.st.stm32cube.ide.mcu.externaltools.gnu-tools-for-stm32.12.3.rel1.macos64_1.0.200.202406191456/tools/bin/../lib/gcc/arm-none-eabi/12.3.1/thumb/v7e-m+fp/hard/crtend.o
LOAD /Applications/STM32CubeIDE.app/Contents/Eclipse/plugins/com.st.stm32cube.ide.mcu.externaltools.gnu-tools-for-stm32.12.3.rel1.macos64_1.0.200.202406191456/tools/bin/../lib/gcc/arm-none-eabi/12.3.1/thumb/v7e-m+fp/hard/crtn.o
                0x20010000                        _estack = (ORIGIN (RAM) + LENGTH (RAM))
                0x00000200                        _Min_Heap_Size = 0x200
                0x00000400                        _Min_Stack_Size = 0x400

.isr_vector     0x08000000      0x18c
                0x08000000                        . = ALIGN (0x4)
 *(.isr_vector)
 .isr_vector    0x08000000      0x18c ./Core/Startup/startup_stm32l431kcux.o
                0x08000000                g_pfnVectors
                0x0800018c                        . = ALIGN (0x4)

.text           0x0800018c     0x3e4c
                0x0800018c                        . = ALIGN (0x4)
 *(.text)
 .text          0x0800018c       0x40 /Applications/STM32CubeIDE.app/Contents/Eclipse/plugins/com.st.stm32cube.ide.mcu.externaltools.gnu-tools-for-stm32.12.3.rel1.macos64_1.0.200.202406191456/tools/bin/../lib/gcc/arm-none-eabi/12.3.1/thumb/v7e-m+fp/hard/crtbegin.o
 *(.text*)
 .text.MX_CAN1_Init
                0x080001cc       0x68 ./Core/Src/can.o
                0x080001cc                MX_CAN1_Init
 .text.HAL_CAN_MspInit
                0x08000234       0x88 ./Core/Src/can.o
                0x08000234                HAL_CAN_MspInit
 .text.MX_DMA_Init
                0x080002bc       0x3c ./Core/Src/dma.o
                0x080002bc                MX_DMA_Init
 .text.MX_GPIO_Init
                0x080002f8       0x48 ./Core/Src/gpio.o
                0x080002f8                MX_GPIO_Init
 .text.main     0x08000340       0x7c ./Core/Src/main.o
                0x08000340                main
 .text.SystemClock_Config
                0x080003bc       0x9e ./Core/Src/main.o
                0x080003bc                SystemClock_Config
 *fill*         0x0800045a        0x2 
 .text.hsl_to_rgb
                0x0800045c      0x18c ./Core/Src/main.o
                0x0800045c                hsl_to_rgb
 .text.Error_Handler
                0x080005e8        0xc ./Core/Src/main.o
                0x080005e8                Error_Handler
 .text.HAL_MspInit
                0x080005f4       0x48 ./Core/Src/stm32l4xx_hal_msp.o
                0x080005f4                HAL_MspInit
 .text.NMI_Handler
                0x0800063c        0x8 ./Core/Src/stm32l4xx_it.o
                0x0800063c                NMI_Handler
 .text.HardFault_Handler
                0x08000644        0x8 ./Core/Src/stm32l4xx_it.o
                0x08000644                HardFault_Handler
 .text.MemManage_Handler
                0x0800064c        0x8 ./Core/Src/stm32l4xx_it.o
                0x0800064c                MemManage_Handler
 .text.BusFault_Handler
                0x08000654        0x8 ./Core/Src/stm32l4xx_it.o
                0x08000654                BusFault_Handler
 .text.UsageFault_Handler
                0x0800065c        0x8 ./Core/Src/stm32l4xx_it.o
                0x0800065c                UsageFault_Handler
 .text.SVC_Handler
                0x08000664        0xe ./Core/Src/stm32l4xx_it.o
                0x08000664                SVC_Handler
 .text.DebugMon_Handler
                0x08000672        0xe ./Core/Src/stm32l4xx_it.o
                0x08000672                DebugMon_Handler
 .text.PendSV_Handler
                0x08000680        0xe ./Core/Src/stm32l4xx_it.o
                0x08000680                PendSV_Handler
 .text.SysTick_Handler
                0x0800068e        0xc ./Core/Src/stm32l4xx_it.o
                0x0800068e                SysTick_Handler
 *fill*         0x0800069a        0x2 
 .text.DMA1_Channel3_IRQHandler
                0x0800069c       0x14 ./Core/Src/stm32l4xx_it.o
                0x0800069c                DMA1_Channel3_IRQHandler
 .text.TIM1_TRG_COM_IRQHandler
                0x080006b0       0x14 ./Core/Src/stm32l4xx_it.o
                0x080006b0                TIM1_TRG_COM_IRQHandler
 .text.SystemInit
                0x080006c4       0x24 ./Core/Src/system_stm32l4xx.o
                0x080006c4                SystemInit
 .text.MX_TIM1_Init
                0x080006e8      0x158 ./Core/Src/tim.o
                0x080006e8                MX_TIM1_Init
 .text.HAL_TIM_Base_MspInit
                0x08000840       0xa8 ./Core/Src/tim.o
                0x08000840                HAL_TIM_Base_MspInit
 .text.HAL_TIM_MspPostInit
                0x080008e8       0x70 ./Core/Src/tim.o
                0x080008e8                HAL_TIM_MspPostInit
 .text.scale8   0x08000958       0x28 ./Core/Src/ws2812.o
 .text.led_set_RGB
                0x08000980       0x70 ./Core/Src/ws2812.o
                0x08000980                led_set_RGB
 .text.led_render
                0x080009f0      0x150 ./Core/Src/ws2812.o
                0x080009f0                led_render
 .text.HAL_TIM_PWM_PulseFinishedHalfCpltCallback
                0x08000b40       0xfc ./Core/Src/ws2812.o
                0x08000b40                HAL_TIM_PWM_PulseFinishedHalfCpltCallback
 .text.HAL_TIM_PWM_PulseFinishedCallback
                0x08000c3c      0x10c ./Core/Src/ws2812.o
                0x08000c3c                HAL_TIM_PWM_PulseFinishedCallback
 .text.Reset_Handler
                0x08000d48       0x50 ./Core/Startup/startup_stm32l431kcux.o
                0x08000d48                Reset_Handler
 .text.Default_Handler
                0x08000d98        0x2 ./Core/Startup/startup_stm32l431kcux.o
                0x08000d98                TIM1_BRK_TIM15_IRQHandler
                0x08000d98                EXTI2_IRQHandler
                0x08000d98                TIM1_CC_IRQHandler
                0x08000d98                TSC_IRQHandler
                0x08000d98                TAMP_STAMP_IRQHandler
                0x08000d98                EXTI3_IRQHandler
                0x08000d98                LPTIM2_IRQHandler
                0x08000d98                I2C3_ER_IRQHandler
                0x08000d98                EXTI0_IRQHandler
                0x08000d98                I2C2_EV_IRQHandler
                0x08000d98                CAN1_RX0_IRQHandler
                0x08000d98                FPU_IRQHandler
                0x08000d98                TIM1_UP_TIM16_IRQHandler
                0x08000d98                SPI1_IRQHandler
                0x08000d98                TIM6_DAC_IRQHandler
                0x08000d98                DMA2_Channel2_IRQHandler
                0x08000d98                DMA1_Channel4_IRQHandler
                0x08000d98                ADC1_IRQHandler
                0x08000d98                USART3_IRQHandler
                0x08000d98                DMA1_Channel7_IRQHandler
                0x08000d98                CAN1_RX1_IRQHandler
                0x08000d98                DMA2_Channel1_IRQHandler
                0x08000d98                QUADSPI_IRQHandler
                0x08000d98                I2C1_EV_IRQHandler
                0x08000d98                DMA1_Channel6_IRQHandler
                0x08000d98                DMA2_Channel4_IRQHandler
                0x08000d98                RCC_IRQHandler
                0x08000d98                DMA1_Channel1_IRQHandler
                0x08000d98                Default_Handler
                0x08000d98                DMA2_Channel7_IRQHandler
                0x08000d98                EXTI15_10_IRQHandler
                0x08000d98                TIM7_IRQHandler
                0x08000d98                SDMMC1_IRQHandler
                0x08000d98                I2C3_EV_IRQHandler
                0x08000d98                EXTI9_5_IRQHandler
                0x08000d98                RTC_WKUP_IRQHandler
                0x08000d98                PVD_PVM_IRQHandler
                0x08000d98                SPI2_IRQHandler
                0x08000d98                CAN1_TX_IRQHandler
                0x08000d98                DMA2_Channel5_IRQHandler
                0x08000d98                CRS_IRQHandler
                0x08000d98                DMA1_Channel5_IRQHandler
                0x08000d98                EXTI4_IRQHandler
                0x08000d98                RNG_IRQHandler
                0x08000d98                COMP_IRQHandler
                0x08000d98                WWDG_IRQHandler
                0x08000d98                LPUART1_IRQHandler
                0x08000d98                DMA2_Channel6_IRQHandler
                0x08000d98                TIM2_IRQHandler
                0x08000d98                EXTI1_IRQHandler
                0x08000d98                USART2_IRQHandler
                0x08000d98                I2C2_ER_IRQHandler
                0x08000d98                DMA1_Channel2_IRQHandler
                0x08000d98                CAN1_SCE_IRQHandler
                0x08000d98                FLASH_IRQHandler
                0x08000d98                USART1_IRQHandler
                0x08000d98                SPI3_IRQHandler
                0x08000d98                I2C1_ER_IRQHandler
                0x08000d98                SWPMI1_IRQHandler
                0x08000d98                LPTIM1_IRQHandler
                0x08000d98                SAI1_IRQHandler
                0x08000d98                DMA2_Channel3_IRQHandler
                0x08000d98                RTC_Alarm_IRQHandler
 .text.HAL_Init
                0x08000d9a       0x30 ./Drivers/STM32L4xx_HAL_Driver/Src/stm32l4xx_hal.o
                0x08000d9a                HAL_Init
 *fill*         0x08000dca        0x2 
 .text.HAL_InitTick
                0x08000dcc       0x78 ./Drivers/STM32L4xx_HAL_Driver/Src/stm32l4xx_hal.o
                0x08000dcc                HAL_InitTick
 .text.HAL_IncTick
                0x08000e44       0x28 ./Drivers/STM32L4xx_HAL_Driver/Src/stm32l4xx_hal.o
                0x08000e44                HAL_IncTick
 .text.HAL_GetTick
                0x08000e6c       0x18 ./Drivers/STM32L4xx_HAL_Driver/Src/stm32l4xx_hal.o
                0x08000e6c                HAL_GetTick
 .text.HAL_Delay
                0x08000e84       0x48 ./Drivers/STM32L4xx_HAL_Driver/Src/stm32l4xx_hal.o
                0x08000e84                HAL_Delay
 .text.HAL_CAN_Init
                0x08000ecc      0x1f6 ./Drivers/STM32L4xx_HAL_Driver/Src/stm32l4xx_hal_can.o
                0x08000ecc                HAL_CAN_Init
 *fill*         0x080010c2        0x2 
 .text.__NVIC_SetPriorityGrouping
                0x080010c4       0x48 ./Drivers/STM32L4xx_HAL_Driver/Src/stm32l4xx_hal_cortex.o
 .text.__NVIC_GetPriorityGrouping
                0x0800110c       0x1c ./Drivers/STM32L4xx_HAL_Driver/Src/stm32l4xx_hal_cortex.o
 .text.__NVIC_EnableIRQ
                0x08001128       0x3c ./Drivers/STM32L4xx_HAL_Driver/Src/stm32l4xx_hal_cortex.o
 .text.__NVIC_SetPriority
                0x08001164       0x54 ./Drivers/STM32L4xx_HAL_Driver/Src/stm32l4xx_hal_cortex.o
 .text.NVIC_EncodePriority
                0x080011b8       0x66 ./Drivers/STM32L4xx_HAL_Driver/Src/stm32l4xx_hal_cortex.o
 *fill*         0x0800121e        0x2 
 .text.SysTick_Config
                0x08001220       0x44 ./Drivers/STM32L4xx_HAL_Driver/Src/stm32l4xx_hal_cortex.o
 .text.HAL_NVIC_SetPriorityGrouping
                0x08001264       0x16 ./Drivers/STM32L4xx_HAL_Driver/Src/stm32l4xx_hal_cortex.o
                0x08001264                HAL_NVIC_SetPriorityGrouping
 .text.HAL_NVIC_SetPriority
                0x0800127a       0x38 ./Drivers/STM32L4xx_HAL_Driver/Src/stm32l4xx_hal_cortex.o
                0x0800127a                HAL_NVIC_SetPriority
 .text.HAL_NVIC_EnableIRQ
                0x080012b2       0x1c ./Drivers/STM32L4xx_HAL_Driver/Src/stm32l4xx_hal_cortex.o
                0x080012b2                HAL_NVIC_EnableIRQ
 .text.HAL_SYSTICK_Config
                0x080012ce       0x18 ./Drivers/STM32L4xx_HAL_Driver/Src/stm32l4xx_hal_cortex.o
                0x080012ce                HAL_SYSTICK_Config
 *fill*         0x080012e6        0x2 
 .text.HAL_DMA_Init
                0x080012e8      0x170 ./Drivers/STM32L4xx_HAL_Driver/Src/stm32l4xx_hal_dma.o
                0x080012e8                HAL_DMA_Init
 .text.HAL_DMA_Start_IT
                0x08001458       0xc0 ./Drivers/STM32L4xx_HAL_Driver/Src/stm32l4xx_hal_dma.o
                0x08001458                HAL_DMA_Start_IT
 .text.HAL_DMA_Abort_IT
                0x08001518       0x82 ./Drivers/STM32L4xx_HAL_Driver/Src/stm32l4xx_hal_dma.o
                0x08001518                HAL_DMA_Abort_IT
 .text.HAL_DMA_IRQHandler
                0x0800159a      0x15e ./Drivers/STM32L4xx_HAL_Driver/Src/stm32l4xx_hal_dma.o
                0x0800159a                HAL_DMA_IRQHandler
 .text.DMA_SetConfig
                0x080016f8       0x60 ./Drivers/STM32L4xx_HAL_Driver/Src/stm32l4xx_hal_dma.o
 .text.HAL_GPIO_Init
                0x08001758      0x2f4 ./Drivers/STM32L4xx_HAL_Driver/Src/stm32l4xx_hal_gpio.o
                0x08001758                HAL_GPIO_Init
 .text.HAL_PWREx_GetVoltageRange
                0x08001a4c       0x1c ./Drivers/STM32L4xx_HAL_Driver/Src/stm32l4xx_hal_pwr_ex.o
                0x08001a4c                HAL_PWREx_GetVoltageRange
 .text.HAL_PWREx_ControlVoltageScaling
                0x08001a68       0xac ./Drivers/STM32L4xx_HAL_Driver/Src/stm32l4xx_hal_pwr_ex.o
                0x08001a68                HAL_PWREx_ControlVoltageScaling
 .text.HAL_RCC_OscConfig
                0x08001b14      0x828 ./Drivers/STM32L4xx_HAL_Driver/Src/stm32l4xx_hal_rcc.o
                0x08001b14                HAL_RCC_OscConfig
 .text.HAL_RCC_ClockConfig
                0x0800233c      0x200 ./Drivers/STM32L4xx_HAL_Driver/Src/stm32l4xx_hal_rcc.o
                0x0800233c                HAL_RCC_ClockConfig
 .text.HAL_RCC_GetSysClockFreq
                0x0800253c      0x118 ./Drivers/STM32L4xx_HAL_Driver/Src/stm32l4xx_hal_rcc.o
                0x0800253c                HAL_RCC_GetSysClockFreq
 .text.RCC_SetFlashLatencyFromMSIRange
                0x08002654       0xc0 ./Drivers/STM32L4xx_HAL_Driver/Src/stm32l4xx_hal_rcc.o
 .text.HAL_TIM_Base_Init
                0x08002714       0xae ./Drivers/STM32L4xx_HAL_Driver/Src/stm32l4xx_hal_tim.o
                0x08002714                HAL_TIM_Base_Init
 .text.HAL_TIM_PWM_Init
                0x080027c2       0xae ./Drivers/STM32L4xx_HAL_Driver/Src/stm32l4xx_hal_tim.o
                0x080027c2                HAL_TIM_PWM_Init
 .text.HAL_TIM_PWM_MspInit
                0x08002870       0x14 ./Drivers/STM32L4xx_HAL_Driver/Src/stm32l4xx_hal_tim.o
                0x08002870                HAL_TIM_PWM_MspInit
 .text.HAL_TIM_PWM_Start_DMA
                0x08002884      0x3f0 ./Drivers/STM32L4xx_HAL_Driver/Src/stm32l4xx_hal_tim.o
                0x08002884                HAL_TIM_PWM_Start_DMA
 .text.HAL_TIM_PWM_Stop_DMA
                0x08002c74      0x1d0 ./Drivers/STM32L4xx_HAL_Driver/Src/stm32l4xx_hal_tim.o
                0x08002c74                HAL_TIM_PWM_Stop_DMA
 .text.HAL_TIM_IRQHandler
                0x08002e44      0x20e ./Drivers/STM32L4xx_HAL_Driver/Src/stm32l4xx_hal_tim.o
                0x08002e44                HAL_TIM_IRQHandler
 *fill*         0x08003052        0x2 
 .text.HAL_TIM_PWM_ConfigChannel
                0x08003054      0x228 ./Drivers/STM32L4xx_HAL_Driver/Src/stm32l4xx_hal_tim.o
                0x08003054                HAL_TIM_PWM_ConfigChannel
 .text.HAL_TIM_ConfigClockSource
                0x0800327c      0x192 ./Drivers/STM32L4xx_HAL_Driver/Src/stm32l4xx_hal_tim.o
                0x0800327c                HAL_TIM_ConfigClockSource
 .text.HAL_TIM_PeriodElapsedCallback
                0x0800340e       0x14 ./Drivers/STM32L4xx_HAL_Driver/Src/stm32l4xx_hal_tim.o
                0x0800340e                HAL_TIM_PeriodElapsedCallback
 .text.HAL_TIM_OC_DelayElapsedCallback
                0x08003422       0x14 ./Drivers/STM32L4xx_HAL_Driver/Src/stm32l4xx_hal_tim.o
                0x08003422                HAL_TIM_OC_DelayElapsedCallback
 .text.HAL_TIM_IC_CaptureCallback
                0x08003436       0x14 ./Drivers/STM32L4xx_HAL_Driver/Src/stm32l4xx_hal_tim.o
                0x08003436                HAL_TIM_IC_CaptureCallback
 .text.HAL_TIM_TriggerCallback
                0x0800344a       0x14 ./Drivers/STM32L4xx_HAL_Driver/Src/stm32l4xx_hal_tim.o
                0x0800344a                HAL_TIM_TriggerCallback
 .text.HAL_TIM_ErrorCallback
                0x0800345e       0x14 ./Drivers/STM32L4xx_HAL_Driver/Src/stm32l4xx_hal_tim.o
                0x0800345e                HAL_TIM_ErrorCallback
 .text.TIM_DMAError
                0x08003472       0x92 ./Drivers/STM32L4xx_HAL_Driver/Src/stm32l4xx_hal_tim.o
                0x08003472                TIM_DMAError
 .text.TIM_DMADelayPulseCplt
                0x08003504       0xa8 ./Drivers/STM32L4xx_HAL_Driver/Src/stm32l4xx_hal_tim.o
 .text.TIM_DMADelayPulseHalfCplt
                0x080035ac       0x68 ./Drivers/STM32L4xx_HAL_Driver/Src/stm32l4xx_hal_tim.o
                0x080035ac                TIM_DMADelayPulseHalfCplt
 .text.TIM_Base_SetConfig
                0x08003614       0xe0 ./Drivers/STM32L4xx_HAL_Driver/Src/stm32l4xx_hal_tim.o
                0x08003614                TIM_Base_SetConfig
 .text.TIM_OC1_SetConfig
                0x080036f4       0xf8 ./Drivers/STM32L4xx_HAL_Driver/Src/stm32l4xx_hal_tim.o
 .text.TIM_OC2_SetConfig
                0x080037ec       0xf4 ./Drivers/STM32L4xx_HAL_Driver/Src/stm32l4xx_hal_tim.o
                0x080037ec                TIM_OC2_SetConfig
 .text.TIM_OC3_SetConfig
                0x080038e0       0xf0 ./Drivers/STM32L4xx_HAL_Driver/Src/stm32l4xx_hal_tim.o
 .text.TIM_OC4_SetConfig
                0x080039d0       0xbc ./Drivers/STM32L4xx_HAL_Driver/Src/stm32l4xx_hal_tim.o
 .text.TIM_OC5_SetConfig
                0x08003a8c       0xb0 ./Drivers/STM32L4xx_HAL_Driver/Src/stm32l4xx_hal_tim.o
 .text.TIM_OC6_SetConfig
                0x08003b3c       0xb4 ./Drivers/STM32L4xx_HAL_Driver/Src/stm32l4xx_hal_tim.o
 .text.TIM_TI1_ConfigInputStage
                0x08003bf0       0x5e ./Drivers/STM32L4xx_HAL_Driver/Src/stm32l4xx_hal_tim.o
 .text.TIM_TI2_ConfigInputStage
                0x08003c4e       0x60 ./Drivers/STM32L4xx_HAL_Driver/Src/stm32l4xx_hal_tim.o
 .text.TIM_ITRx_SetConfig
                0x08003cae       0x36 ./Drivers/STM32L4xx_HAL_Driver/Src/stm32l4xx_hal_tim.o
 .text.TIM_ETR_SetConfig
                0x08003ce4       0x40 ./Drivers/STM32L4xx_HAL_Driver/Src/stm32l4xx_hal_tim.o
                0x08003ce4                TIM_ETR_SetConfig
 .text.TIM_CCxChannelCmd
                0x08003d24       0x4a ./Drivers/STM32L4xx_HAL_Driver/Src/stm32l4xx_hal_tim.o
                0x08003d24                TIM_CCxChannelCmd
 *fill*         0x08003d6e        0x2 
 .text.HAL_TIMEx_MasterConfigSynchronization
                0x08003d70       0xcc ./Drivers/STM32L4xx_HAL_Driver/Src/stm32l4xx_hal_tim_ex.o
                0x08003d70                HAL_TIMEx_MasterConfigSynchronization
 .text.HAL_TIMEx_ConfigBreakDeadTime
                0x08003e3c       0xf0 ./Drivers/STM32L4xx_HAL_Driver/Src/stm32l4xx_hal_tim_ex.o
                0x08003e3c                HAL_TIMEx_ConfigBreakDeadTime
 .text.HAL_TIMEx_CommutCallback
                0x08003f2c       0x14 ./Drivers/STM32L4xx_HAL_Driver/Src/stm32l4xx_hal_tim_ex.o
                0x08003f2c                HAL_TIMEx_CommutCallback
 .text.HAL_TIMEx_BreakCallback
                0x08003f40       0x14 ./Drivers/STM32L4xx_HAL_Driver/Src/stm32l4xx_hal_tim_ex.o
                0x08003f40                HAL_TIMEx_BreakCallback
 .text.HAL_TIMEx_Break2Callback
                0x08003f54       0x14 ./Drivers/STM32L4xx_HAL_Driver/Src/stm32l4xx_hal_tim_ex.o
                0x08003f54                HAL_TIMEx_Break2Callback
 .text.memset   0x08003f68       0x10 /Applications/STM32CubeIDE.app/Contents/Eclipse/plugins/com.st.stm32cube.ide.mcu.externaltools.gnu-tools-for-stm32.12.3.rel1.macos64_1.0.200.202406191456/tools/bin/../lib/gcc/arm-none-eabi/12.3.1/../../../../arm-none-eabi/lib/thumb/v7e-m+fp/hard/libc_nano.a(libc_a-memset.o)
                0x08003f68                memset
 .text.__libc_init_array
                0x08003f78       0x48 /Applications/STM32CubeIDE.app/Contents/Eclipse/plugins/com.st.stm32cube.ide.mcu.externaltools.gnu-tools-for-stm32.12.3.rel1.macos64_1.0.200.202406191456/tools/bin/../lib/gcc/arm-none-eabi/12.3.1/../../../../arm-none-eabi/lib/thumb/v7e-m+fp/hard/libc_nano.a(libc_a-init.o)
                0x08003f78                __libc_init_array
 *(.glue_7)
 .glue_7        0x08003fc0        0x0 linker stubs
 *(.glue_7t)
 .glue_7t       0x08003fc0        0x0 linker stubs
 *(.eh_frame)
 .eh_frame      0x08003fc0        0x0 /Applications/STM32CubeIDE.app/Contents/Eclipse/plugins/com.st.stm32cube.ide.mcu.externaltools.gnu-tools-for-stm32.12.3.rel1.macos64_1.0.200.202406191456/tools/bin/../lib/gcc/arm-none-eabi/12.3.1/thumb/v7e-m+fp/hard/crtbegin.o
 *(.init)
 .init          0x08003fc0        0x4 /Applications/STM32CubeIDE.app/Contents/Eclipse/plugins/com.st.stm32cube.ide.mcu.externaltools.gnu-tools-for-stm32.12.3.rel1.macos64_1.0.200.202406191456/tools/bin/../lib/gcc/arm-none-eabi/12.3.1/thumb/v7e-m+fp/hard/crti.o
                0x08003fc0                _init
 .init          0x08003fc4        0x8 /Applications/STM32CubeIDE.app/Contents/Eclipse/plugins/com.st.stm32cube.ide.mcu.externaltools.gnu-tools-for-stm32.12.3.rel1.macos64_1.0.200.202406191456/tools/bin/../lib/gcc/arm-none-eabi/12.3.1/thumb/v7e-m+fp/hard/crtn.o
 *(.fini)
 .fini          0x08003fcc        0x4 /Applications/STM32CubeIDE.app/Contents/Eclipse/plugins/com.st.stm32cube.ide.mcu.externaltools.gnu-tools-for-stm32.12.3.rel1.macos64_1.0.200.202406191456/tools/bin/../lib/gcc/arm-none-eabi/12.3.1/thumb/v7e-m+fp/hard/crti.o
                0x08003fcc                _fini
 .fini          0x08003fd0        0x8 /Applications/STM32CubeIDE.app/Contents/Eclipse/plugins/com.st.stm32cube.ide.mcu.externaltools.gnu-tools-for-stm32.12.3.rel1.macos64_1.0.200.202406191456/tools/bin/../lib/gcc/arm-none-eabi/12.3.1/thumb/v7e-m+fp/hard/crtn.o
                0x08003fd8                        . = ALIGN (0x4)
                0x08003fd8                        _etext = .

.vfp11_veneer   0x08003fd8        0x0
 .vfp11_veneer  0x08003fd8        0x0 linker stubs

.v4_bx          0x08003fd8        0x0
 .v4_bx         0x08003fd8        0x0 linker stubs

.iplt           0x08003fd8        0x0
 .iplt          0x08003fd8        0x0 /Applications/STM32CubeIDE.app/Contents/Eclipse/plugins/com.st.stm32cube.ide.mcu.externaltools.gnu-tools-for-stm32.12.3.rel1.macos64_1.0.200.202406191456/tools/bin/../lib/gcc/arm-none-eabi/12.3.1/thumb/v7e-m+fp/hard/crtbegin.o

.rodata         0x08003fd8       0x40
                0x08003fd8                        . = ALIGN (0x4)
 *(.rodata)
 *(.rodata*)
 .rodata.AHBPrescTable
                0x08003fd8       0x10 ./Core/Src/system_stm32l4xx.o
                0x08003fd8                AHBPrescTable
 .rodata.MSIRangeTable
                0x08003fe8       0x30 ./Core/Src/system_stm32l4xx.o
                0x08003fe8                MSIRangeTable
                0x08004018                        . = ALIGN (0x4)

.ARM.extab      0x08004018        0x0
                0x08004018                        . = ALIGN (0x4)
 *(.ARM.extab* .gnu.linkonce.armextab.*)
                0x08004018                        . = ALIGN (0x4)

.ARM            0x08004018        0x0
                0x08004018                        . = ALIGN (0x4)
                0x08004018                        __exidx_start = .
 *(.ARM.exidx*)
                0x08004018                        __exidx_end = .
                0x08004018                        . = ALIGN (0x4)

.preinit_array  0x08004018        0x0
                0x08004018                        . = ALIGN (0x4)
                0x08004018                        PROVIDE (__preinit_array_start = .)
 *(.preinit_array*)
                0x08004018                        PROVIDE (__preinit_array_end = .)
                0x08004018                        . = ALIGN (0x4)

.init_array     0x08004018        0x4
                0x08004018                        . = ALIGN (0x4)
                0x08004018                        PROVIDE (__init_array_start = .)
 *(SORT_BY_NAME(.init_array.*))
 *(.init_array*)
 .init_array    0x08004018        0x4 /Applications/STM32CubeIDE.app/Contents/Eclipse/plugins/com.st.stm32cube.ide.mcu.externaltools.gnu-tools-for-stm32.12.3.rel1.macos64_1.0.200.202406191456/tools/bin/../lib/gcc/arm-none-eabi/12.3.1/thumb/v7e-m+fp/hard/crtbegin.o
                0x0800401c                        PROVIDE (__init_array_end = .)
                0x0800401c                        . = ALIGN (0x4)

.fini_array     0x0800401c        0x4
                0x0800401c                        . = ALIGN (0x4)
                [!provide]                        PROVIDE (__fini_array_start = .)
 *(SORT_BY_NAME(.fini_array.*))
 *(.fini_array*)
 .fini_array    0x0800401c        0x4 /Applications/STM32CubeIDE.app/Contents/Eclipse/plugins/com.st.stm32cube.ide.mcu.externaltools.gnu-tools-for-stm32.12.3.rel1.macos64_1.0.200.202406191456/tools/bin/../lib/gcc/arm-none-eabi/12.3.1/thumb/v7e-m+fp/hard/crtbegin.o
                [!provide]                        PROVIDE (__fini_array_end = .)
                0x08004020                        . = ALIGN (0x4)
                0x08004020                        _sidata = LOADADDR (.data)

.rel.dyn        0x08004020        0x0
 .rel.iplt      0x08004020        0x0 /Applications/STM32CubeIDE.app/Contents/Eclipse/plugins/com.st.stm32cube.ide.mcu.externaltools.gnu-tools-for-stm32.12.3.rel1.macos64_1.0.200.202406191456/tools/bin/../lib/gcc/arm-none-eabi/12.3.1/thumb/v7e-m+fp/hard/crtbegin.o

.data           0x20000000        0xc load address 0x08004020
                0x20000000                        . = ALIGN (0x4)
                0x20000000                        _sdata = .
 *(.data)
 *(.data*)
 .data.SystemCoreClock
                0x20000000        0x4 ./Core/Src/system_stm32l4xx.o
                0x20000000                SystemCoreClock
 .data.uwTickPrio
                0x20000004        0x4 ./Drivers/STM32L4xx_HAL_Driver/Src/stm32l4xx_hal.o
                0x20000004                uwTickPrio
 .data.uwTickFreq
                0x20000008        0x1 ./Drivers/STM32L4xx_HAL_Driver/Src/stm32l4xx_hal.o
                0x20000008                uwTickFreq
 *(.RamFunc)
 *(.RamFunc*)
                0x2000000c                        . = ALIGN (0x4)
 *fill*         0x20000009        0x3 
                0x2000000c                        _edata = .

.igot.plt       0x2000000c        0x0 load address 0x0800402c
 .igot.plt      0x2000000c        0x0 /Applications/STM32CubeIDE.app/Contents/Eclipse/plugins/com.st.stm32cube.ide.mcu.externaltools.gnu-tools-for-stm32.12.3.rel1.macos64_1.0.200.202406191456/tools/bin/../lib/gcc/arm-none-eabi/12.3.1/thumb/v7e-m+fp/hard/crtbegin.o
                0x2000000c                        . = ALIGN (0x4)

.bss            0x2000000c      0x110 load address 0x0800402c
                0x2000000c                        _sbss = .
                0x2000000c                        __bss_start__ = _sbss
 *(.bss)
 .bss           0x2000000c       0x1c /Applications/STM32CubeIDE.app/Contents/Eclipse/plugins/com.st.stm32cube.ide.mcu.externaltools.gnu-tools-for-stm32.12.3.rel1.macos64_1.0.200.202406191456/tools/bin/../lib/gcc/arm-none-eabi/12.3.1/thumb/v7e-m+fp/hard/crtbegin.o
 *(.bss*)
 .bss.hcan1     0x20000028       0x28 ./Core/Src/can.o
                0x20000028                hcan1
 .bss.htim1     0x20000050       0x4c ./Core/Src/tim.o
                0x20000050                htim1
 .bss.hdma_tim1_ch2
                0x2000009c       0x48 ./Core/Src/tim.o
                0x2000009c                hdma_tim1_ch2
 .bss.rgb_arr   0x200000e4       0x18 ./Core/Src/ws2812.o
                0x200000e4                rgb_arr
 .bss.wr_buf    0x200000fc       0x18 ./Core/Src/ws2812.o
                0x200000fc                wr_buf
 .bss.wr_buf_p  0x20000114        0x4 ./Core/Src/ws2812.o
                0x20000114                wr_buf_p
 .bss.uwTick    0x20000118        0x4 ./Drivers/STM32L4xx_HAL_Driver/Src/stm32l4xx_hal.o
                0x20000118                uwTick
 *(COMMON)
                0x2000011c                        . = ALIGN (0x4)
                0x2000011c                        _ebss = .
                0x2000011c                        __bss_end__ = _ebss

._user_heap_stack
                0x2000011c      0x604 load address 0x0800402c
                0x20000120                        . = ALIGN (0x8)
 *fill*         0x2000011c        0x4 
                [!provide]                        PROVIDE (end = .)
                0x20000120                        PROVIDE (_end = .)
                0x20000320                        . = (. + _Min_Heap_Size)
 *fill*         0x20000120      0x200 
                0x20000720                        . = (. + _Min_Stack_Size)
 *fill*         0x20000320      0x400 
                0x20000720                        . = ALIGN (0x8)

/DISCARD/
 libc.a(*)
 libm.a(*)
 libgcc.a(*)

.ARM.attributes
                0x00000000       0x30
 *(.ARM.attributes)
 .ARM.attributes
                0x00000000       0x22 /Applications/STM32CubeIDE.app/Contents/Eclipse/plugins/com.st.stm32cube.ide.mcu.externaltools.gnu-tools-for-stm32.12.3.rel1.macos64_1.0.200.202406191456/tools/bin/../lib/gcc/arm-none-eabi/12.3.1/thumb/v7e-m+fp/hard/crti.o
 .ARM.attributes
                0x00000022       0x34 /Applications/STM32CubeIDE.app/Contents/Eclipse/plugins/com.st.stm32cube.ide.mcu.externaltools.gnu-tools-for-stm32.12.3.rel1.macos64_1.0.200.202406191456/tools/bin/../lib/gcc/arm-none-eabi/12.3.1/thumb/v7e-m+fp/hard/crtbegin.o
 .ARM.attributes
                0x00000056       0x34 ./Core/Src/can.o
 .ARM.attributes
                0x0000008a       0x34 ./Core/Src/dma.o
 .ARM.attributes
                0x000000be       0x34 ./Core/Src/gpio.o
 .ARM.attributes
                0x000000f2       0x34 ./Core/Src/main.o
 .ARM.attributes
                0x00000126       0x34 ./Core/Src/stm32l4xx_hal_msp.o
 .ARM.attributes
                0x0000015a       0x34 ./Core/Src/stm32l4xx_it.o
 .ARM.attributes
                0x0000018e       0x34 ./Core/Src/system_stm32l4xx.o
 .ARM.attributes
                0x000001c2       0x34 ./Core/Src/tim.o
 .ARM.attributes
                0x000001f6       0x34 ./Core/Src/ws2812.o
 .ARM.attributes
                0x0000022a       0x21 ./Core/Startup/startup_stm32l431kcux.o
 .ARM.attributes
                0x0000024b       0x34 ./Drivers/STM32L4xx_HAL_Driver/Src/stm32l4xx_hal.o
 .ARM.attributes
                0x0000027f       0x34 ./Drivers/STM32L4xx_HAL_Driver/Src/stm32l4xx_hal_can.o
 .ARM.attributes
                0x000002b3       0x34 ./Drivers/STM32L4xx_HAL_Driver/Src/stm32l4xx_hal_cortex.o
 .ARM.attributes
                0x000002e7       0x34 ./Drivers/STM32L4xx_HAL_Driver/Src/stm32l4xx_hal_dma.o
 .ARM.attributes
                0x0000031b       0x34 ./Drivers/STM32L4xx_HAL_Driver/Src/stm32l4xx_hal_gpio.o
 .ARM.attributes
                0x0000034f       0x34 ./Drivers/STM32L4xx_HAL_Driver/Src/stm32l4xx_hal_pwr_ex.o
 .ARM.attributes
                0x00000383       0x34 ./Drivers/STM32L4xx_HAL_Driver/Src/stm32l4xx_hal_rcc.o
 .ARM.attributes
                0x000003b7       0x34 ./Drivers/STM32L4xx_HAL_Driver/Src/stm32l4xx_hal_tim.o
 .ARM.attributes
                0x000003eb       0x34 ./Drivers/STM32L4xx_HAL_Driver/Src/stm32l4xx_hal_tim_ex.o
 .ARM.attributes
                0x0000041f       0x34 /Applications/STM32CubeIDE.app/Contents/Eclipse/plugins/com.st.stm32cube.ide.mcu.externaltools.gnu-tools-for-stm32.12.3.rel1.macos64_1.0.200.202406191456/tools/bin/../lib/gcc/arm-none-eabi/12.3.1/../../../../arm-none-eabi/lib/thumb/v7e-m+fp/hard/libc_nano.a(libc_a-memset.o)
 .ARM.attributes
                0x00000453       0x34 /Applications/STM32CubeIDE.app/Contents/Eclipse/plugins/com.st.stm32cube.ide.mcu.externaltools.gnu-tools-for-stm32.12.3.rel1.macos64_1.0.200.202406191456/tools/bin/../lib/gcc/arm-none-eabi/12.3.1/../../../../arm-none-eabi/lib/thumb/v7e-m+fp/hard/libc_nano.a(libc_a-init.o)
 .ARM.attributes
                0x00000487       0x22 /Applications/STM32CubeIDE.app/Contents/Eclipse/plugins/com.st.stm32cube.ide.mcu.externaltools.gnu-tools-for-stm32.12.3.rel1.macos64_1.0.200.202406191456/tools/bin/../lib/gcc/arm-none-eabi/12.3.1/thumb/v7e-m+fp/hard/crtn.o
OUTPUT(efs-can-lighting.elf elf32-littlearm)
LOAD linker stubs
LOAD /Applications/STM32CubeIDE.app/Contents/Eclipse/plugins/com.st.stm32cube.ide.mcu.externaltools.gnu-tools-for-stm32.12.3.rel1.macos64_1.0.200.202406191456/tools/bin/../lib/gcc/arm-none-eabi/12.3.1/../../../../arm-none-eabi/lib/thumb/v7e-m+fp/hard/libc.a
LOAD /Applications/STM32CubeIDE.app/Contents/Eclipse/plugins/com.st.stm32cube.ide.mcu.externaltools.gnu-tools-for-stm32.12.3.rel1.macos64_1.0.200.202406191456/tools/bin/../lib/gcc/arm-none-eabi/12.3.1/../../../../arm-none-eabi/lib/thumb/v7e-m+fp/hard/libm.a
LOAD /Applications/STM32CubeIDE.app/Contents/Eclipse/plugins/com.st.stm32cube.ide.mcu.externaltools.gnu-tools-for-stm32.12.3.rel1.macos64_1.0.200.202406191456/tools/bin/../lib/gcc/arm-none-eabi/12.3.1/thumb/v7e-m+fp/hard/libgcc.a

.debug_info     0x00000000     0xc8bf
 .debug_info    0x00000000      0x8c0 ./Core/Src/can.o
 .debug_info    0x000008c0      0x4a9 ./Core/Src/dma.o
 .debug_info    0x00000d69      0x2c5 ./Core/Src/gpio.o
 .debug_info    0x0000102e      0x47a ./Core/Src/main.o
 .debug_info    0x000014a8      0x2c5 ./Core/Src/stm32l4xx_hal_msp.o
 .debug_info    0x0000176d      0x731 ./Core/Src/stm32l4xx_it.o
 .debug_info    0x00001e9e      0x5bf ./Core/Src/system_stm32l4xx.o
 .debug_info    0x0000245d      0xfce ./Core/Src/tim.o
 .debug_info    0x0000342b      0x960 ./Core/Src/ws2812.o
 .debug_info    0x00003d8b       0x30 ./Core/Startup/startup_stm32l431kcux.o
 .debug_info    0x00003dbb      0xa93 ./Drivers/STM32L4xx_HAL_Driver/Src/stm32l4xx_hal.o
 .debug_info    0x0000484e      0xf4a ./Drivers/STM32L4xx_HAL_Driver/Src/stm32l4xx_hal_can.o
 .debug_info    0x00005798      0xd1b ./Drivers/STM32L4xx_HAL_Driver/Src/stm32l4xx_hal_cortex.o
 .debug_info    0x000064b3      0x6f4 ./Drivers/STM32L4xx_HAL_Driver/Src/stm32l4xx_hal_dma.o
 .debug_info    0x00006ba7      0x757 ./Drivers/STM32L4xx_HAL_Driver/Src/stm32l4xx_hal_gpio.o
 .debug_info    0x000072fe      0x8c6 ./Drivers/STM32L4xx_HAL_Driver/Src/stm32l4xx_hal_pwr_ex.o
 .debug_info    0x00007bc4      0xbc3 ./Drivers/STM32L4xx_HAL_Driver/Src/stm32l4xx_hal_rcc.o
 .debug_info    0x00008787     0x2a9a ./Drivers/STM32L4xx_HAL_Driver/Src/stm32l4xx_hal_tim.o
 .debug_info    0x0000b221     0x169e ./Drivers/STM32L4xx_HAL_Driver/Src/stm32l4xx_hal_tim_ex.o

.debug_abbrev   0x00000000     0x22b9
 .debug_abbrev  0x00000000      0x200 ./Core/Src/can.o
 .debug_abbrev  0x00000200       0xfc ./Core/Src/dma.o
 .debug_abbrev  0x000002fc       0xc6 ./Core/Src/gpio.o
 .debug_abbrev  0x000003c2      0x201 ./Core/Src/main.o
 .debug_abbrev  0x000005c3       0xc6 ./Core/Src/stm32l4xx_hal_msp.o
 .debug_abbrev  0x00000689      0x196 ./Core/Src/stm32l4xx_it.o
 .debug_abbrev  0x0000081f      0x11a ./Core/Src/system_stm32l4xx.o
 .debug_abbrev  0x00000939      0x219 ./Core/Src/tim.o
 .debug_abbrev  0x00000b52      0x21f ./Core/Src/ws2812.o
 .debug_abbrev  0x00000d71       0x24 ./Core/Startup/startup_stm32l431kcux.o
 .debug_abbrev  0x00000d95      0x242 ./Drivers/STM32L4xx_HAL_Driver/Src/stm32l4xx_hal.o
 .debug_abbrev  0x00000fd7      0x258 ./Drivers/STM32L4xx_HAL_Driver/Src/stm32l4xx_hal_can.o
 .debug_abbrev  0x0000122f      0x31c ./Drivers/STM32L4xx_HAL_Driver/Src/stm32l4xx_hal_cortex.o
 .debug_abbrev  0x0000154b      0x1e4 ./Drivers/STM32L4xx_HAL_Driver/Src/stm32l4xx_hal_dma.o
 .debug_abbrev  0x0000172f      0x1cb ./Drivers/STM32L4xx_HAL_Driver/Src/stm32l4xx_hal_gpio.o
 .debug_abbrev  0x000018fa      0x1f9 ./Drivers/STM32L4xx_HAL_Driver/Src/stm32l4xx_hal_pwr_ex.o
 .debug_abbrev  0x00001af3      0x2cb ./Drivers/STM32L4xx_HAL_Driver/Src/stm32l4xx_hal_rcc.o
 .debug_abbrev  0x00001dbe      0x278 ./Drivers/STM32L4xx_HAL_Driver/Src/stm32l4xx_hal_tim.o
 .debug_abbrev  0x00002036      0x283 ./Drivers/STM32L4xx_HAL_Driver/Src/stm32l4xx_hal_tim_ex.o

.debug_aranges  0x00000000      0xd68
 .debug_aranges
                0x00000000       0x30 ./Core/Src/can.o
 .debug_aranges
                0x00000030       0x20 ./Core/Src/dma.o
 .debug_aranges
                0x00000050       0x20 ./Core/Src/gpio.o
 .debug_aranges
                0x00000070       0x38 ./Core/Src/main.o
 .debug_aranges
                0x000000a8       0x20 ./Core/Src/stm32l4xx_hal_msp.o
 .debug_aranges
                0x000000c8       0x70 ./Core/Src/stm32l4xx_it.o
 .debug_aranges
                0x00000138       0x28 ./Core/Src/system_stm32l4xx.o
 .debug_aranges
                0x00000160       0x38 ./Core/Src/tim.o
 .debug_aranges
                0x00000198       0x50 ./Core/Src/ws2812.o
 .debug_aranges
                0x000001e8       0x28 ./Core/Startup/startup_stm32l431kcux.o
 .debug_aranges
                0x00000210      0x130 ./Drivers/STM32L4xx_HAL_Driver/Src/stm32l4xx_hal.o
 .debug_aranges
                0x00000340      0x138 ./Drivers/STM32L4xx_HAL_Driver/Src/stm32l4xx_hal_can.o
 .debug_aranges
                0x00000478      0x128 ./Drivers/STM32L4xx_HAL_Driver/Src/stm32l4xx_hal_cortex.o
 .debug_aranges
                0x000005a0       0x80 ./Drivers/STM32L4xx_HAL_Driver/Src/stm32l4xx_hal_dma.o
 .debug_aranges
                0x00000620       0x58 ./Drivers/STM32L4xx_HAL_Driver/Src/stm32l4xx_hal_gpio.o
 .debug_aranges
                0x00000678      0x100 ./Drivers/STM32L4xx_HAL_Driver/Src/stm32l4xx_hal_pwr_ex.o
 .debug_aranges
                0x00000778       0x90 ./Drivers/STM32L4xx_HAL_Driver/Src/stm32l4xx_hal_rcc.o
 .debug_aranges
                0x00000808      0x3e0 ./Drivers/STM32L4xx_HAL_Driver/Src/stm32l4xx_hal_tim.o
 .debug_aranges
                0x00000be8      0x180 ./Drivers/STM32L4xx_HAL_Driver/Src/stm32l4xx_hal_tim_ex.o

.debug_rnglists
                0x00000000      0xa3c
 .debug_rnglists
                0x00000000       0x20 ./Core/Src/can.o
 .debug_rnglists
                0x00000020       0x13 ./Core/Src/dma.o
 .debug_rnglists
                0x00000033       0x13 ./Core/Src/gpio.o
 .debug_rnglists
                0x00000046       0x27 ./Core/Src/main.o
 .debug_rnglists
                0x0000006d       0x13 ./Core/Src/stm32l4xx_hal_msp.o
 .debug_rnglists
                0x00000080       0x4f ./Core/Src/stm32l4xx_it.o
 .debug_rnglists
                0x000000cf       0x1a ./Core/Src/system_stm32l4xx.o
 .debug_rnglists
                0x000000e9       0x27 ./Core/Src/tim.o
 .debug_rnglists
                0x00000110       0x3a ./Core/Src/ws2812.o
 .debug_rnglists
                0x0000014a       0x19 ./Core/Startup/startup_stm32l431kcux.o
 .debug_rnglists
                0x00000163       0xdf ./Drivers/STM32L4xx_HAL_Driver/Src/stm32l4xx_hal.o
 .debug_rnglists
                0x00000242       0xee ./Drivers/STM32L4xx_HAL_Driver/Src/stm32l4xx_hal_can.o
 .debug_rnglists
                0x00000330       0xda ./Drivers/STM32L4xx_HAL_Driver/Src/stm32l4xx_hal_cortex.o
 .debug_rnglists
                0x0000040a       0x64 ./Drivers/STM32L4xx_HAL_Driver/Src/stm32l4xx_hal_dma.o
 .debug_rnglists
                0x0000046e       0x3f ./Drivers/STM32L4xx_HAL_Driver/Src/stm32l4xx_hal_gpio.o
 .debug_rnglists
                0x000004ad       0xc1 ./Drivers/STM32L4xx_HAL_Driver/Src/stm32l4xx_hal_pwr_ex.o
 .debug_rnglists
                0x0000056e       0x6d ./Drivers/STM32L4xx_HAL_Driver/Src/stm32l4xx_hal_rcc.o
 .debug_rnglists
                0x000005db      0x328 ./Drivers/STM32L4xx_HAL_Driver/Src/stm32l4xx_hal_tim.o
 .debug_rnglists
                0x00000903      0x139 ./Drivers/STM32L4xx_HAL_Driver/Src/stm32l4xx_hal_tim_ex.o

.debug_macro    0x00000000    0x20d62
 .debug_macro   0x00000000      0x1ca ./Core/Src/can.o
 .debug_macro   0x000001ca      0xab4 ./Core/Src/can.o
 .debug_macro   0x00000c7e      0x1a7 ./Core/Src/can.o
 .debug_macro   0x00000e25       0x2e ./Core/Src/can.o
 .debug_macro   0x00000e53       0x28 ./Core/Src/can.o
 .debug_macro   0x00000e7b       0x22 ./Core/Src/can.o
 .debug_macro   0x00000e9d       0x8e ./Core/Src/can.o
 .debug_macro   0x00000f2b       0x51 ./Core/Src/can.o
 .debug_macro   0x00000f7c      0x103 ./Core/Src/can.o
 .debug_macro   0x0000107f       0x6a ./Core/Src/can.o
 .debug_macro   0x000010e9      0x1df ./Core/Src/can.o
 .debug_macro   0x000012c8       0x1c ./Core/Src/can.o
 .debug_macro   0x000012e4       0x22 ./Core/Src/can.o
 .debug_macro   0x00001306       0xfb ./Core/Src/can.o
 .debug_macro   0x00001401     0x1011 ./Core/Src/can.o
 .debug_macro   0x00002412      0x11f ./Core/Src/can.o
 .debug_macro   0x00002531    0x1511c ./Core/Src/can.o
 .debug_macro   0x0001764d       0x6d ./Core/Src/can.o
 .debug_macro   0x000176ba     0x38fb ./Core/Src/can.o
 .debug_macro   0x0001afb5      0x189 ./Core/Src/can.o
 .debug_macro   0x0001b13e       0x5c ./Core/Src/can.o
 .debug_macro   0x0001b19a     0x1328 ./Core/Src/can.o
 .debug_macro   0x0001c4c2      0x5a5 ./Core/Src/can.o
 .debug_macro   0x0001ca67      0x1b9 ./Core/Src/can.o
 .debug_macro   0x0001cc20      0x11b ./Core/Src/can.o
 .debug_macro   0x0001cd3b      0x26b ./Core/Src/can.o
 .debug_macro   0x0001cfa6      0x23d ./Core/Src/can.o
 .debug_macro   0x0001d1e3      0x408 ./Core/Src/can.o
 .debug_macro   0x0001d5eb      0x241 ./Core/Src/can.o
 .debug_macro   0x0001d82c      0x375 ./Core/Src/can.o
 .debug_macro   0x0001dba1       0xd6 ./Core/Src/can.o
 .debug_macro   0x0001dc77      0x122 ./Core/Src/can.o
 .debug_macro   0x0001dd99      0x2ee ./Core/Src/can.o
 .debug_macro   0x0001e087      0xa98 ./Core/Src/can.o
 .debug_macro   0x0001eb1f      0x12d ./Core/Src/can.o
 .debug_macro   0x0001ec4c      0x26d ./Core/Src/can.o
 .debug_macro   0x0001eeb9      0x1ca ./Core/Src/dma.o
 .debug_macro   0x0001f083      0x1ca ./Core/Src/gpio.o
 .debug_macro   0x0001f24d      0x1f6 ./Core/Src/main.o
 .debug_macro   0x0001f443      0x1c0 ./Core/Src/stm32l4xx_hal_msp.o
 .debug_macro   0x0001f603      0x1ca ./Core/Src/stm32l4xx_it.o
 .debug_macro   0x0001f7cd      0x1b6 ./Core/Src/system_stm32l4xx.o
 .debug_macro   0x0001f983      0x1ca ./Core/Src/tim.o
 .debug_macro   0x0001fb4d      0x1e4 ./Core/Src/ws2812.o
 .debug_macro   0x0001fd31      0x204 ./Drivers/STM32L4xx_HAL_Driver/Src/stm32l4xx_hal.o
 .debug_macro   0x0001ff35      0x1c5 ./Drivers/STM32L4xx_HAL_Driver/Src/stm32l4xx_hal_can.o
 .debug_macro   0x000200fa      0x1b6 ./Drivers/STM32L4xx_HAL_Driver/Src/stm32l4xx_hal_cortex.o
 .debug_macro   0x000202b0      0x1b6 ./Drivers/STM32L4xx_HAL_Driver/Src/stm32l4xx_hal_dma.o
 .debug_macro   0x00020466      0x1bd ./Drivers/STM32L4xx_HAL_Driver/Src/stm32l4xx_hal_gpio.o
 .debug_macro   0x00020623      0x1da ./Drivers/STM32L4xx_HAL_Driver/Src/stm32l4xx_hal_pwr_ex.o
 .debug_macro   0x000207fd      0x1f8 ./Drivers/STM32L4xx_HAL_Driver/Src/stm32l4xx_hal_rcc.o
 .debug_macro   0x000209f5      0x1b7 ./Drivers/STM32L4xx_HAL_Driver/Src/stm32l4xx_hal_tim.o
 .debug_macro   0x00020bac      0x1b6 ./Drivers/STM32L4xx_HAL_Driver/Src/stm32l4xx_hal_tim_ex.o

.debug_line     0x00000000     0xf7b3
 .debug_line    0x00000000      0x736 ./Core/Src/can.o
 .debug_line    0x00000736      0x6c4 ./Core/Src/dma.o
 .debug_line    0x00000dfa      0x6c5 ./Core/Src/gpio.o
 .debug_line    0x000014bf      0x85e ./Core/Src/main.o
 .debug_line    0x00001d1d      0x6c9 ./Core/Src/stm32l4xx_hal_msp.o
 .debug_line    0x000023e6      0x7bb ./Core/Src/stm32l4xx_it.o
 .debug_line    0x00002ba1      0x763 ./Core/Src/system_stm32l4xx.o
 .debug_line    0x00003304      0x7e7 ./Core/Src/tim.o
 .debug_line    0x00003aeb      0xb04 ./Core/Src/ws2812.o
 .debug_line    0x000045ef       0x7a ./Core/Startup/startup_stm32l431kcux.o
 .debug_line    0x00004669      0xabe ./Drivers/STM32L4xx_HAL_Driver/Src/stm32l4xx_hal.o
 .debug_line    0x00005127     0x115e ./Drivers/STM32L4xx_HAL_Driver/Src/stm32l4xx_hal_can.o
 .debug_line    0x00006285      0xc87 ./Drivers/STM32L4xx_HAL_Driver/Src/stm32l4xx_hal_cortex.o
 .debug_line    0x00006f0c      0xcc3 ./Drivers/STM32L4xx_HAL_Driver/Src/stm32l4xx_hal_dma.o
 .debug_line    0x00007bcf      0xaf6 ./Drivers/STM32L4xx_HAL_Driver/Src/stm32l4xx_hal_gpio.o
 .debug_line    0x000086c5      0xb1d ./Drivers/STM32L4xx_HAL_Driver/Src/stm32l4xx_hal_pwr_ex.o
 .debug_line    0x000091e2      0xf75 ./Drivers/STM32L4xx_HAL_Driver/Src/stm32l4xx_hal_rcc.o
 .debug_line    0x0000a157     0x3b9d ./Drivers/STM32L4xx_HAL_Driver/Src/stm32l4xx_hal_tim.o
 .debug_line    0x0000dcf4     0x1abf ./Drivers/STM32L4xx_HAL_Driver/Src/stm32l4xx_hal_tim_ex.o

.debug_str      0x00000000    0xc78d7
 .debug_str     0x00000000    0xc3b39 ./Core/Src/can.o
                              0xc3e10 (size before relaxing)
 .debug_str     0x000c3b39      0x407 ./Core/Src/dma.o
                              0xc3ec4 (size before relaxing)
 .debug_str     0x000c3f40       0x2c ./Core/Src/gpio.o
                              0xc3a97 (size before relaxing)
 .debug_str     0x000c3f6c      0x240 ./Core/Src/main.o
                              0xc3c11 (size before relaxing)
 .debug_str     0x000c41ac       0x2c ./Core/Src/stm32l4xx_hal_msp.o
                              0xc3a97 (size before relaxing)
 .debug_str     0x000c41d8      0x54b ./Core/Src/stm32l4xx_it.o
                              0xc3f4a (size before relaxing)
 .debug_str     0x000c4723       0xf2 ./Core/Src/system_stm32l4xx.o
                              0xc3b5e (size before relaxing)
 .debug_str     0x000c4815      0x309 ./Core/Src/tim.o
                              0xc47c5 (size before relaxing)
 .debug_str     0x000c4b1e      0x14e ./Core/Src/ws2812.o
                              0xc3ff8 (size before relaxing)
 .debug_str     0x000c4c6c       0x44 ./Core/Startup/startup_stm32l431kcux.o
                                 0x6f (size before relaxing)
 .debug_str     0x000c4cb0      0x640 ./Drivers/STM32L4xx_HAL_Driver/Src/stm32l4xx_hal.o
                              0xc460e (size before relaxing)
 .debug_str     0x000c52f0      0x595 ./Drivers/STM32L4xx_HAL_Driver/Src/stm32l4xx_hal_can.o
                              0xc41f1 (size before relaxing)
 .debug_str     0x000c5885      0x355 ./Drivers/STM32L4xx_HAL_Driver/Src/stm32l4xx_hal_cortex.o
                              0xc42f1 (size before relaxing)
 .debug_str     0x000c5bda      0x231 ./Drivers/STM32L4xx_HAL_Driver/Src/stm32l4xx_hal_dma.o
                              0xc3dc5 (size before relaxing)
 .debug_str     0x000c5e0b      0x15f ./Drivers/STM32L4xx_HAL_Driver/Src/stm32l4xx_hal_gpio.o
                              0xc3cd2 (size before relaxing)
 .debug_str     0x000c5f6a      0x40c ./Drivers/STM32L4xx_HAL_Driver/Src/stm32l4xx_hal_pwr_ex.o
                              0xc3f95 (size before relaxing)
 .debug_str     0x000c6376      0x38c ./Drivers/STM32L4xx_HAL_Driver/Src/stm32l4xx_hal_rcc.o
                              0xc415e (size before relaxing)
 .debug_str     0x000c6702      0xd27 ./Drivers/STM32L4xx_HAL_Driver/Src/stm32l4xx_hal_tim.o
                              0xc4e9b (size before relaxing)
 .debug_str     0x000c7429      0x4ae ./Drivers/STM32L4xx_HAL_Driver/Src/stm32l4xx_hal_tim_ex.o
                              0xc47af (size before relaxing)

.comment        0x00000000       0x43
 .comment       0x00000000       0x43 ./Core/Src/can.o
                                 0x44 (size before relaxing)
 .comment       0x00000043       0x44 ./Core/Src/dma.o
 .comment       0x00000043       0x44 ./Core/Src/gpio.o
 .comment       0x00000043       0x44 ./Core/Src/main.o
 .comment       0x00000043       0x44 ./Core/Src/stm32l4xx_hal_msp.o
 .comment       0x00000043       0x44 ./Core/Src/stm32l4xx_it.o
 .comment       0x00000043       0x44 ./Core/Src/system_stm32l4xx.o
 .comment       0x00000043       0x44 ./Core/Src/tim.o
 .comment       0x00000043       0x44 ./Core/Src/ws2812.o
 .comment       0x00000043       0x44 ./Drivers/STM32L4xx_HAL_Driver/Src/stm32l4xx_hal.o
 .comment       0x00000043       0x44 ./Drivers/STM32L4xx_HAL_Driver/Src/stm32l4xx_hal_can.o
 .comment       0x00000043       0x44 ./Drivers/STM32L4xx_HAL_Driver/Src/stm32l4xx_hal_cortex.o
 .comment       0x00000043       0x44 ./Drivers/STM32L4xx_HAL_Driver/Src/stm32l4xx_hal_dma.o
 .comment       0x00000043       0x44 ./Drivers/STM32L4xx_HAL_Driver/Src/stm32l4xx_hal_gpio.o
 .comment       0x00000043       0x44 ./Drivers/STM32L4xx_HAL_Driver/Src/stm32l4xx_hal_pwr_ex.o
 .comment       0x00000043       0x44 ./Drivers/STM32L4xx_HAL_Driver/Src/stm32l4xx_hal_rcc.o
 .comment       0x00000043       0x44 ./Drivers/STM32L4xx_HAL_Driver/Src/stm32l4xx_hal_tim.o
 .comment       0x00000043       0x44 ./Drivers/STM32L4xx_HAL_Driver/Src/stm32l4xx_hal_tim_ex.o

.debug_frame    0x00000000     0x36a8
 .debug_frame   0x00000000       0x74 ./Core/Src/can.o
 .debug_frame   0x00000074       0x34 ./Core/Src/dma.o
 .debug_frame   0x000000a8       0x38 ./Core/Src/gpio.o
 .debug_frame   0x000000e0       0x94 ./Core/Src/main.o
 .debug_frame   0x00000174       0x38 ./Core/Src/stm32l4xx_hal_msp.o
 .debug_frame   0x000001ac      0x13c ./Core/Src/stm32l4xx_it.o
 .debug_frame   0x000002e8       0x58 ./Core/Src/system_stm32l4xx.o
 .debug_frame   0x00000340       0xa0 ./Core/Src/tim.o
 .debug_frame   0x000003e0      0x120 ./Core/Src/ws2812.o
 .debug_frame   0x00000500      0x498 ./Drivers/STM32L4xx_HAL_Driver/Src/stm32l4xx_hal.o
 .debug_frame   0x00000998      0x5a0 ./Drivers/STM32L4xx_HAL_Driver/Src/stm32l4xx_hal_can.o
 .debug_frame   0x00000f38      0x4e8 ./Drivers/STM32L4xx_HAL_Driver/Src/stm32l4xx_hal_cortex.o
 .debug_frame   0x00001420      0x204 ./Drivers/STM32L4xx_HAL_Driver/Src/stm32l4xx_hal_dma.o
 .debug_frame   0x00001624      0x14c ./Drivers/STM32L4xx_HAL_Driver/Src/stm32l4xx_hal_gpio.o
 .debug_frame   0x00001770      0x404 ./Drivers/STM32L4xx_HAL_Driver/Src/stm32l4xx_hal_pwr_ex.o
 .debug_frame   0x00001b74      0x21c ./Drivers/STM32L4xx_HAL_Driver/Src/stm32l4xx_hal_rcc.o
 .debug_frame   0x00001d90     0x121c ./Drivers/STM32L4xx_HAL_Driver/Src/stm32l4xx_hal_tim.o
 .debug_frame   0x00002fac      0x6b0 ./Drivers/STM32L4xx_HAL_Driver/Src/stm32l4xx_hal_tim_ex.o
 .debug_frame   0x0000365c       0x20 /Applications/STM32CubeIDE.app/Contents/Eclipse/plugins/com.st.stm32cube.ide.mcu.externaltools.gnu-tools-for-stm32.12.3.rel1.macos64_1.0.200.202406191456/tools/bin/../lib/gcc/arm-none-eabi/12.3.1/../../../../arm-none-eabi/lib/thumb/v7e-m+fp/hard/libc_nano.a(libc_a-memset.o)
 .debug_frame   0x0000367c       0x2c /Applications/STM32CubeIDE.app/Contents/Eclipse/plugins/com.st.stm32cube.ide.mcu.externaltools.gnu-tools-for-stm32.12.3.rel1.macos64_1.0.200.202406191456/tools/bin/../lib/gcc/arm-none-eabi/12.3.1/../../../../arm-none-eabi/lib/thumb/v7e-m+fp/hard/libc_nano.a(libc_a-init.o)

.debug_line_str
                0x00000000       0x53
 .debug_line_str
                0x00000000       0x53 ./Core/Startup/startup_stm32l431kcux.o
