../Core/Src/main.c:77:5:clock_gettime	32	static
../Core/Src/main.c:90:6:getUniqueID	32	static
../Core/Src/main.c:101:6:HAL_CAN_RxFifo0Callback	72	static
../Core/Src/main.c:122:6:handle_NodeStatus	32	static
../Core/Src/main.c:175:6:handle_NotifyState	296	static
../Core/Src/main.c:203:6:handle_GetNodeInfo	824	static
../Core/Src/main.c:249:6:send_NodeStatus	416	static
../Core/Src/main.c:278:6:onTransferReceived	16	static
../Core/Src/main.c:299:6:shouldAcceptTransfer	24	static
../Core/Src/main.c:330:6:processCanardTxQueue	24	static
../Core/Src/main.c:350:6:process1HzTasks	16	static
../Core/Src/main.c:362:9:constrain_int16	16	static
../Core/Src/main.c:373:6:handle_lights_command	120	static
../Core/Src/main.c:398:6:set_rgb_led	16	static
../Core/Src/main.c:409:5:main	80	static
../Core/Src/main.c:476:6:SystemClock_Config	96	static
../Core/Src/main.c:521:13:MX_CAN1_Init	8	static
../Core/Src/main.c:558:13:MX_TIM1_Init	112	static
../Core/Src/main.c:638:13:MX_GPIO_Init	16	static
../Core/Src/main.c:659:6:Error_Handler	4	static,ignoring_inline_asm
