../Core/Src/main.c:77:5:clock_gettime	32	static
../Core/Src/main.c:90:6:getUniqueID	32	static
../Core/Src/main.c:101:6:HAL_CAN_RxFifo0Callback	72	static
../Core/Src/main.c:122:6:handle_NodeStatus	32	static
../Core/Src/main.c:175:6:handle_NotifyState	296	static
../Core/Src/main.c:203:6:handle_GetNodeInfo	824	static
../Core/Src/main.c:249:6:send_NodeStatus	416	static
../Core/Src/main.c:280:6:onTransferReceived	16	static
../Core/Src/main.c:302:6:shouldAcceptTransfer	24	static
../Core/Src/main.c:333:6:processCanardTxQueue	24	static
../Core/Src/main.c:353:6:process1HzTasks	16	static
../Core/Src/main.c:365:9:constrain_int16	16	static
../Core/Src/main.c:376:6:handle_lights_command	120	static
../Core/Src/main.c:401:6:set_rgb_led	16	static
../Core/Src/main.c:413:5:main	80	static
../Core/Src/main.c:480:6:SystemClock_Config	96	static
../Core/Src/main.c:525:13:MX_CAN1_Init	8	static
../Core/Src/main.c:562:13:MX_TIM1_Init	112	static
../Core/Src/main.c:642:13:MX_GPIO_Init	16	static
../Core/Src/main.c:663:6:Error_Handler	4	static,ignoring_inline_asm
